// Jest Snapshot v1, https://goo.gl/fbAQLP

exports[`Configuration Shallow component Matches snapshot 1`] = `
<div
  className="configuration-page"
>
  <div
    className="container-fluid"
  >
    <div
      className="row"
    >
      <div
        className="col-6"
      >
        <h5>
          Alluxio Configuration
        </h5>
      </div>
      <div
        className=" search-container col-6"
      >
        <Input
          id="searchConfig"
          onChange={[Function]}
          placeholder="Search by Property"
          type="text"
          value=""
        />
      </div>
      <div
        className="col-12"
      >
        <Table
          hover={true}
          responsiveTag="div"
          tag="table"
        >
          <thead>
            <tr>
              <th>
                Property
              </th>
              <th>
                Value
              </th>
              <th>
                Source
              </th>
            </tr>
          </thead>
          <tbody
            id="filtered-data-body"
          >
            <tr
              key="alluxio."
            >
              <td>
                <pre
                  className="mb-0"
                >
                  <code>
                    alluxio.
                  </code>
                </pre>
              </td>
              <td />
              <td />
            </tr>
          </tbody>
        </Table>
      </div>
      <div
        className="col-12"
      >
        <h5>
          Whitelist
        </h5>
        <Table
          hover={true}
          responsiveTag="div"
          tag="table"
        >
          <tbody>
            <tr
              key="/"
            >
              <td>
                /
              </td>
            </tr>
          </tbody>
        </Table>
      </div>
    </div>
  </div>
</div>
`;
