// Jest Snapshot v1, https://goo.gl/fbAQLP

exports[`Masters Shallow component Matches snapshot 1`] = `
<div
  className="masters-page"
>
  <div
    className="container-fluid"
  >
    <div
      className="row"
    >
      <div
        className="col-12"
      >
        <h5>
          Primary Master
        </h5>
        <Table
          hover={true}
          responsiveTag="div"
          tag="table"
        >
          <thead>
            <tr>
              <th>
                Host
              </th>
              <th>
                Port
              </th>
              <th>
                Elected
              </th>
              <th>
                Started
              </th>
              <th>
                Version
              </th>
              <th>
                Revision
              </th>
            </tr>
          </thead>
          <tbody>
            <tr>
              <td>
                127.0.0.1
              </td>
              <td>
                19998
              </td>
              <td>
                12-08-2022 23:37:53:984
              </td>
              <td>
                12-08-2022 23:37:50:222
              </td>
              <td>
                2.10.0-SNAPSHOT
              </td>
              <td>
                a55b99ad3a72321c251f9934662dcc1979c9cb7
              </td>
            </tr>
          </tbody>
        </Table>
      </div>
    </div>
    <div
      className="row"
    >
      <div
        className="col-12"
      >
        <h5>
          Standby Masters
        </h5>
        <Table
          hover={true}
          responsiveTag="div"
          tag="table"
        >
          <thead>
            <tr>
              <th>
                Host
              </th>
              <th>
                Port
              </th>
              <th>
                Last Heartbeat
              </th>
              <th>
                Started
              </th>
              <th>
                Version
              </th>
              <th>
                Revision
              </th>
            </tr>
          </thead>
          <tbody />
        </Table>
      </div>
    </div>
    <div
      className="row"
    >
      <div
        className="col-12"
      >
        <h5>
          Lost Masters
        </h5>
        <Table
          hover={true}
          responsiveTag="div"
          tag="table"
        >
          <thead>
            <tr>
              <th>
                Host
              </th>
              <th>
                Port
              </th>
              <th>
                Last Heartbeat
              </th>
              <th>
                Started
              </th>
              <th>
                Version
              </th>
              <th>
                Revision
              </th>
            </tr>
          </thead>
          <tbody />
        </Table>
      </div>
    </div>
  </div>
</div>
`;
